// Jest Snapshot v1, https://goo.gl/fbAQLP

exports[`asd 1`] = `
<div>
  <div
    class="MuiBox-root MuiBox-root-1"
  >
    <div
      class="MuiBox-root MuiBox-root-2"
    >
      <a
        href="/question/1"
      >
        <div
          class="MuiBox-root MuiBox-root-3"
        >
          1
        </div>
      </a>
      <a
        href="/question/2"
      >
        <div
          class="MuiBox-root MuiBox-root-4"
        >
          2
        </div>
      </a>
      <a
        href="/question/3"
      >
        <div
          class="MuiBox-root MuiBox-root-5"
        >
          3
        </div>
      </a>
      <a
        href="/question/4"
      >
        <div
          class="MuiBox-root MuiBox-root-6"
        >
          4
        </div>
      </a>
      <a
        href="/question/5"
      >
        <div
          class="MuiBox-root MuiBox-root-7"
        >
          5
        </div>
      </a>
    </div>
    <div
      class="MuiBox-root MuiBox-root-8"
    >
      1+1
      <div
        class="MuiBox-root MuiBox-root-9"
      >
        <div
          class="MuiFormControl-root"
        >
          <div
            class="MuiFormControl-root MuiTextField-root"
          >
            <div
              class="MuiInputBase-root MuiInput-root MuiInput-underline MuiInputBase-formControl MuiInput-formControl"
            >
              <input
                aria-invalid="false"
                class="MuiInputBase-input MuiInput-input"
                type="text"
                value=""
              />
            </div>
          </div>
        </div>
      </div>
      <button
        class="MuiButtonBase-root MuiButton-root MuiButton-text"
        tabindex="0"
        type="button"
      >
        <span
          class="MuiButton-label"
        >
          Submit
        </span>
        <span
          class="MuiTouchRipple-root"
        />
      </button>
    </div>
  </div>
</div>
`;
